// Jest Snapshot v1, https://goo.gl/fbAQLP

exports[`snapshots snapshot of income 1`] = `
<DocumentFragment>
  <div>
    <h3>
      Household Montly Salaries
    </h3>
    <form
      class="form-row"
      data-testid="form"
    >
      <select
        autocomplete="off"
        class="form-select"
        name="icon"
      >
        <option
          disabled=""
          selected=""
        >
          -
        </option>
        <option
          value="👩"
        >
          👩
        </option>
        <option
          value="👱‍♂️"
        >
          👱‍♂️
        </option>
        <option
          value="🐶"
        >
          🐶
        </option>
        <option
          value="🐱"
        >
          🐱
        </option>
        <option
          value="🐰"
        >
          🐰
        </option>
        <option
          value="🐻"
        >
          🐻
        </option>
        <option
          value="🦁"
        >
          🦁
        </option>
        <option
          value="🐷"
        >
          🐷
        </option>
        <option
          value="🐮"
        >
          🐮
        </option>
      </select>
      <input
        autocomplete="off"
        class="form-control"
        id="name"
        name="name"
        placeholder="Member Name"
        type="text"
      />
      <input
        autocomplete="off"
        class="form-control"
        id="income"
        name="income"
        placeholder="0.00"
        step="0.01"
        type="number"
      />
      <button
        class="add-income btn btn-primary"
        type="submit"
      >
        Add
      </button>
    </form>
    <div
      class="income-outer hide-scroll"
    />
  </div>
</DocumentFragment>
`;
